workspace(name = "simple")

# bzl:generated start
FAKE_TEMPLATE
# bzl:generated end

