workspace(name = "custom_name")

# bzl:generated start
FAKE_TEMPLATE
# bzl:generated end
