load("@rules_msbuild//dotnet:defs.bzl", "msbuild_test")

msbuild_test(
    name = "test",
    target_framework = "net5.0",
    deps = [
        "//binproj:bin",
        "@nuget//Microsoft.NET.Test.Sdk",
        "@nuget//coverlet.collector",
        "@nuget//xunit",
        "@nuget//xunit.runner.visualstudio",
    ],
)
